[2026-05-17 09:34:05] RUNNING | log=RequestForPayment
[2026-05-17 09:34:05] RUNNING | log=Sepsis
[2026-05-17 09:34:05] RUNNING | log=Hospital_Billing
[2026-05-17 09:34:05] RUNNING | log=DomesticDeclarations
[2026-05-17 09:34:05] RUNNING | log=PrepaidTravelCost
[2026-05-17 09:34:05] RUNNING | log=InternationalDeclarations
[2026-05-17 09:34:05] RUNNING | log=BPI_Challenge_2012_A
[2026-05-17 09:34:05] RUNNING | log=BPI_Challenge_2012_O
[2026-05-17 09:34:05] RUNNING | log=BPI_Challenge_2012_W
[2026-05-17 09:34:05] RUNNING | log=BPIC15_1
[2026-05-17 09:34:05] RUNNING | log=BPIC15_2
[2026-05-17 09:34:05] RUNNING | log=BPIC15_3
[2026-05-17 09:34:05] RUNNING | log=BPIC15_4
[2026-05-17 09:34:05] RUNNING | log=BPIC15_5
[2026-05-17 09:34:05] RUNNING | log=Road_Traffic_Fine_Management_Process
[2026-05-17 09:45:14] DONE | log=Sepsis
[2026-05-17 09:45:18] DONE | log=PrepaidTravelCost
[2026-05-17 09:52:32] DONE | log=BPI_Challenge_2012_O
[2026-05-17 09:56:50] DONE | log=BPIC15_5
[2026-05-17 10:02:34] DONE | log=BPIC15_4
[2026-05-17 10:05:18] DONE | log=InternationalDeclarations
[2026-05-17 10:09:24] DONE | log=RequestForPayment
[2026-05-17 10:17:36] DONE | log=BPI_Challenge_2012_W
[2026-05-17 10:19:53] DONE | log=DomesticDeclarations
[2026-05-17 10:47:41] DONE | log=BPIC15_2
[2026-05-17 10:51:34] DONE | log=BPIC15_3
[2026-05-17 11:04:03] DONE | log=BPI_Challenge_2012_A
[2026-05-17 11:10:55] DONE | log=BPIC15_1
[2026-05-17 11:56:53] DONE | log=Hospital_Billing
[2026-05-17 12:05:25] DONE | log=Road_Traffic_Fine_Management_Process
