[2026-05-17 13:16:41] RUNNING | log=RequestForPayment
[2026-05-17 13:16:41] RUNNING | log=Sepsis
[2026-05-17 13:16:41] RUNNING | log=Hospital_Billing
[2026-05-17 13:16:41] RUNNING | log=DomesticDeclarations
[2026-05-17 13:16:41] RUNNING | log=PrepaidTravelCost
[2026-05-17 13:16:41] RUNNING | log=InternationalDeclarations
[2026-05-17 13:16:41] RUNNING | log=BPI_Challenge_2012_A
[2026-05-17 13:16:41] RUNNING | log=BPI_Challenge_2012_O
[2026-05-17 13:16:41] RUNNING | log=BPI_Challenge_2012_W
[2026-05-17 13:16:41] RUNNING | log=BPIC15_1
[2026-05-17 13:16:41] RUNNING | log=BPIC15_2
[2026-05-17 13:16:41] RUNNING | log=BPIC15_3
[2026-05-17 13:16:41] RUNNING | log=BPIC15_4
[2026-05-17 13:16:41] RUNNING | log=BPIC15_5
[2026-05-17 13:16:41] RUNNING | log=Road_Traffic_Fine_Management_Process
[2026-05-17 13:32:34] DONE | log=Sepsis
[2026-05-17 13:56:12] DONE | log=BPI_Challenge_2012_A
[2026-05-17 14:07:06] DONE | log=PrepaidTravelCost
[2026-05-17 14:12:43] DONE | log=BPI_Challenge_2012_O
[2026-05-17 14:31:26] DONE | log=DomesticDeclarations
[2026-05-17 14:46:37] DONE | log=BPI_Challenge_2012_W
[2026-05-17 17:21:42] DONE | log=BPIC15_3
[2026-05-17 19:01:42] DONE | log=BPIC15_2
[2026-05-17 20:59:59] DONE | log=RequestForPayment
[2026-05-17 21:53:10] DONE | log=InternationalDeclarations
[2026-05-17 23:23:43] DONE | log=BPIC15_1
[2026-05-18 00:18:06] DONE | log=BPIC15_5
[2026-05-18 00:53:21] DONE | log=Hospital_Billing
[2026-05-18 02:50:36] DONE | log=Road_Traffic_Fine_Management_Process
[2026-05-18 03:19:37] DONE | log=BPIC15_4
