[2026-05-24 21:42:56] RUNNING | log=RequestForPayment
[2026-05-24 21:42:56] RUNNING | log=Sepsis
[2026-05-24 21:42:56] RUNNING | log=Hospital_Billing
[2026-05-24 21:42:56] RUNNING | log=DomesticDeclarations
[2026-05-24 21:42:56] RUNNING | log=PrepaidTravelCost
[2026-05-24 21:42:56] RUNNING | log=InternationalDeclarations
[2026-05-24 21:42:56] RUNNING | log=BPI_Challenge_2012_A
[2026-05-24 21:42:56] RUNNING | log=BPI_Challenge_2012_O
[2026-05-24 21:42:56] RUNNING | log=BPI_Challenge_2012_W
[2026-05-24 21:42:56] RUNNING | log=BPIC15_1
[2026-05-24 21:42:56] RUNNING | log=BPIC15_2
[2026-05-24 21:42:56] RUNNING | log=BPIC15_3
[2026-05-24 21:42:56] RUNNING | log=BPIC15_4
[2026-05-24 21:42:56] RUNNING | log=BPIC15_5
[2026-05-24 21:42:56] RUNNING | log=Road_Traffic_Fine_Management_Process
[2026-05-24 21:59:23] DONE | log=PrepaidTravelCost
[2026-05-24 22:08:00] DONE | log=BPI_Challenge_2012_O
[2026-05-24 22:15:21] DONE | log=RequestForPayment
[2026-05-24 22:17:55] DONE | log=Sepsis
[2026-05-24 22:35:53] DONE | log=BPIC15_4
[2026-05-24 22:38:04] DONE | log=DomesticDeclarations
[2026-05-24 22:39:27] DONE | log=InternationalDeclarations
[2026-05-24 22:39:40] DONE | log=BPI_Challenge_2012_A
[2026-05-24 22:39:41] DONE | log=BPIC15_2
[2026-05-24 22:40:23] DONE | log=BPIC15_1
[2026-05-24 22:45:40] DONE | log=BPIC15_3
[2026-05-24 23:12:58] DONE | log=BPIC15_5
[2026-05-24 23:24:00] DONE | log=BPI_Challenge_2012_W
[2026-05-24 23:51:15] DONE | log=Road_Traffic_Fine_Management_Process
[2026-05-25 00:21:31] DONE | log=Hospital_Billing
