[2026-05-17 10:49:07] RUNNING | log=RequestForPayment
[2026-05-17 10:49:07] RUNNING | log=Sepsis
[2026-05-17 10:49:07] RUNNING | log=Hospital_Billing
[2026-05-17 10:49:07] RUNNING | log=DomesticDeclarations
[2026-05-17 10:49:07] RUNNING | log=PrepaidTravelCost
[2026-05-17 10:49:07] RUNNING | log=InternationalDeclarations
[2026-05-17 10:49:07] RUNNING | log=BPI_Challenge_2012_A
[2026-05-17 10:49:07] RUNNING | log=BPI_Challenge_2012_O
[2026-05-17 10:49:07] RUNNING | log=BPI_Challenge_2012_W
[2026-05-17 10:49:07] RUNNING | log=BPIC15_1
[2026-05-17 10:49:07] RUNNING | log=BPIC15_2
[2026-05-17 10:49:07] RUNNING | log=BPIC15_3
[2026-05-17 10:49:07] RUNNING | log=BPIC15_4
[2026-05-17 10:49:07] RUNNING | log=BPIC15_5
[2026-05-17 10:49:07] RUNNING | log=Road_Traffic_Fine_Management_Process
[2026-05-17 10:58:47] DONE | log=PrepaidTravelCost
[2026-05-17 11:03:14] DONE | log=Sepsis
[2026-05-17 11:09:19] DONE | log=BPI_Challenge_2012_O
[2026-05-17 11:10:51] DONE | log=BPIC15_4
[2026-05-17 11:13:05] DONE | log=DomesticDeclarations
[2026-05-17 11:13:36] DONE | log=RequestForPayment
[2026-05-17 11:18:02] DONE | log=BPIC15_5
[2026-05-17 11:23:12] DONE | log=InternationalDeclarations
[2026-05-17 11:33:34] DONE | log=BPI_Challenge_2012_A
[2026-05-17 11:57:39] DONE | log=BPIC15_3
[2026-05-17 11:58:40] DONE | log=BPIC15_2
[2026-05-17 11:58:55] DONE | log=BPIC15_1
[2026-05-17 12:10:55] DONE | log=BPI_Challenge_2012_W
[2026-05-17 12:15:07] DONE | log=Hospital_Billing
[2026-05-17 12:22:34] DONE | log=Road_Traffic_Fine_Management_Process
[2026-05-17 16:12:04] RUNNING | log=RequestForPayment
[2026-05-17 16:12:04] RUNNING | log=Sepsis
[2026-05-17 16:12:04] RUNNING | log=Hospital_Billing
[2026-05-17 16:12:04] RUNNING | log=DomesticDeclarations
[2026-05-17 16:12:04] RUNNING | log=PrepaidTravelCost
[2026-05-17 16:12:04] RUNNING | log=InternationalDeclarations
[2026-05-17 16:12:04] RUNNING | log=BPI_Challenge_2012_A
[2026-05-17 16:12:04] RUNNING | log=BPI_Challenge_2012_O
[2026-05-17 16:12:04] RUNNING | log=BPI_Challenge_2012_W
[2026-05-17 16:12:04] RUNNING | log=BPIC15_1
[2026-05-17 16:12:04] RUNNING | log=BPIC15_2
[2026-05-17 16:12:04] RUNNING | log=BPIC15_3
[2026-05-17 16:12:04] RUNNING | log=BPIC15_4
[2026-05-17 16:12:04] RUNNING | log=BPIC15_5
[2026-05-17 16:12:04] RUNNING | log=Road_Traffic_Fine_Management_Process
[2026-05-17 17:57:08] DONE | log=Sepsis
[2026-05-17 18:16:23] DONE | log=BPI_Challenge_2012_A
[2026-05-17 18:28:20] DONE | log=PrepaidTravelCost
[2026-05-17 19:02:51] DONE | log=BPI_Challenge_2012_O
[2026-05-17 21:11:55] DONE | log=BPIC15_3
[2026-05-17 21:28:40] DONE | log=BPIC15_2
[2026-05-17 22:11:56] DONE | log=BPIC15_1
[2026-05-17 22:15:56] DONE | log=RequestForPayment
[2026-05-17 23:18:24] DONE | log=InternationalDeclarations
[2026-05-18 00:08:54] DONE | log=BPI_Challenge_2012_W
[2026-05-18 00:29:37] DONE | log=BPIC15_5
[2026-05-18 00:38:50] DONE | log=DomesticDeclarations
[2026-05-18 01:18:32] DONE | log=BPIC15_4
[2026-05-18 03:00:33] DONE | log=Hospital_Billing
[2026-05-18 04:01:02] DONE | log=Road_Traffic_Fine_Management_Process
