[2026-05-17 15:18:54] RUNNING | log=RequestForPayment
[2026-05-17 15:18:54] RUNNING | log=Sepsis
[2026-05-17 15:18:54] RUNNING | log=Hospital_Billing
[2026-05-17 15:18:54] RUNNING | log=DomesticDeclarations
[2026-05-17 15:18:54] RUNNING | log=PrepaidTravelCost
[2026-05-17 15:18:54] RUNNING | log=InternationalDeclarations
[2026-05-17 15:18:54] RUNNING | log=BPI_Challenge_2012_A
[2026-05-17 15:18:54] RUNNING | log=BPI_Challenge_2012_O
[2026-05-17 15:18:54] RUNNING | log=BPI_Challenge_2012_W
[2026-05-17 15:18:54] RUNNING | log=BPIC15_1
[2026-05-17 15:18:54] RUNNING | log=BPIC15_2
[2026-05-17 15:18:54] RUNNING | log=BPIC15_3
[2026-05-17 15:18:54] RUNNING | log=BPIC15_4
[2026-05-17 15:18:54] RUNNING | log=BPIC15_5
[2026-05-17 15:18:54] RUNNING | log=Road_Traffic_Fine_Management_Process
[2026-05-17 15:37:00] DONE | log=Sepsis
[2026-05-17 16:18:28] DONE | log=BPIC15_2
[2026-05-17 16:18:30] DONE | log=PrepaidTravelCost
[2026-05-17 16:22:26] DONE | log=BPI_Challenge_2012_O
[2026-05-17 16:34:00] DONE | log=BPI_Challenge_2012_A
[2026-05-17 17:15:45] DONE | log=RequestForPayment
[2026-05-17 17:52:56] DONE | log=DomesticDeclarations
[2026-05-17 18:38:43] DONE | log=BPIC15_3
[2026-05-17 18:57:45] DONE | log=InternationalDeclarations
[2026-05-17 19:03:05] DONE | log=BPIC15_4
[2026-05-17 20:41:49] DONE | log=BPIC15_5
[2026-05-17 22:02:41] DONE | log=BPIC15_1
[2026-05-18 01:44:33] DONE | log=BPI_Challenge_2012_W
[2026-05-18 02:55:25] DONE | log=Road_Traffic_Fine_Management_Process
[2026-05-18 04:07:47] DONE | log=Hospital_Billing
