[2026-05-21 21:10:47] RUNNING | log=RequestForPayment
[2026-05-21 21:10:47] RUNNING | log=Sepsis
[2026-05-21 21:10:47] RUNNING | log=Hospital_Billing
[2026-05-21 21:10:47] RUNNING | log=DomesticDeclarations
[2026-05-21 21:10:47] RUNNING | log=PrepaidTravelCost
[2026-05-21 21:10:47] RUNNING | log=InternationalDeclarations
[2026-05-21 21:10:47] RUNNING | log=BPI_Challenge_2012_A
[2026-05-21 21:10:47] RUNNING | log=BPI_Challenge_2012_O
[2026-05-21 21:10:47] RUNNING | log=BPI_Challenge_2012_W
[2026-05-21 21:10:47] RUNNING | log=BPIC15_1
[2026-05-21 21:10:47] RUNNING | log=BPIC15_2
[2026-05-21 21:10:47] RUNNING | log=BPIC15_3
[2026-05-21 21:10:47] RUNNING | log=BPIC15_4
[2026-05-21 21:10:47] RUNNING | log=BPIC15_5
[2026-05-21 21:10:47] RUNNING | log=Road_Traffic_Fine_Management_Process
[2026-05-21 21:45:08] DONE | log=Sepsis
[2026-05-21 21:54:30] DONE | log=BPI_Challenge_2012_A
[2026-05-21 22:08:33] DONE | log=BPI_Challenge_2012_O
[2026-05-21 22:10:15] DONE | log=PrepaidTravelCost
[2026-05-21 23:12:48] DONE | log=BPIC15_3
[2026-05-21 23:13:24] DONE | log=RequestForPayment
[2026-05-22 00:00:30] DONE | log=DomesticDeclarations
[2026-05-22 00:05:55] DONE | log=InternationalDeclarations
[2026-05-22 00:07:16] DONE | log=BPIC15_5
[2026-05-22 00:36:39] DONE | log=BPIC15_4
[2026-05-22 00:51:55] DONE | log=BPIC15_1
[2026-05-22 00:55:06] DONE | log=BPIC15_2
[2026-05-22 01:18:12] DONE | log=BPI_Challenge_2012_W
[2026-05-22 01:38:39] DONE | log=Hospital_Billing
[2026-05-22 02:09:07] DONE | log=Road_Traffic_Fine_Management_Process
[2026-05-22 17:24:31] RUNNING | log=RequestForPayment
[2026-05-22 17:24:31] RUNNING | log=Sepsis
[2026-05-22 17:24:31] RUNNING | log=Hospital_Billing
[2026-05-22 17:24:31] RUNNING | log=DomesticDeclarations
[2026-05-22 17:24:31] RUNNING | log=PrepaidTravelCost
[2026-05-22 17:24:31] RUNNING | log=InternationalDeclarations
[2026-05-22 17:24:31] RUNNING | log=BPI_Challenge_2012_A
[2026-05-22 17:24:31] RUNNING | log=BPI_Challenge_2012_O
[2026-05-22 17:24:31] RUNNING | log=BPI_Challenge_2012_W
[2026-05-22 17:24:31] RUNNING | log=BPIC15_1
[2026-05-22 17:24:31] RUNNING | log=BPIC15_2
[2026-05-22 17:24:31] RUNNING | log=BPIC15_3
[2026-05-22 17:24:31] RUNNING | log=BPIC15_4
[2026-05-22 17:24:31] RUNNING | log=BPIC15_5
[2026-05-22 17:24:31] RUNNING | log=Road_Traffic_Fine_Management_Process
[2026-05-22 18:10:08] DONE | log=Sepsis
[2026-05-22 18:44:28] DONE | log=BPI_Challenge_2012_A
[2026-05-22 19:15:24] DONE | log=BPI_Challenge_2012_O
[2026-05-22 19:17:14] DONE | log=PrepaidTravelCost
[2026-05-22 20:01:42] DONE | log=DomesticDeclarations
[2026-05-22 20:46:30] DONE | log=RequestForPayment
[2026-05-22 21:46:03] DONE | log=BPIC15_3
[2026-05-22 21:57:48] DONE | log=InternationalDeclarations
[2026-05-22 22:17:47] DONE | log=BPI_Challenge_2012_W
[2026-05-22 22:22:39] DONE | log=BPIC15_4
[2026-05-22 22:45:52] DONE | log=BPIC15_1
[2026-05-22 22:48:30] DONE | log=BPIC15_2
[2026-05-22 23:22:48] DONE | log=BPIC15_5
[2026-05-23 00:08:11] DONE | log=Hospital_Billing
[2026-05-23 00:13:02] DONE | log=Road_Traffic_Fine_Management_Process
