[2026-05-20 20:42:15] RUNNING | log=RequestForPayment
[2026-05-20 20:42:15] RUNNING | log=Sepsis
[2026-05-20 20:42:15] RUNNING | log=Hospital_Billing
[2026-05-20 20:42:15] RUNNING | log=DomesticDeclarations
[2026-05-20 20:42:15] RUNNING | log=PrepaidTravelCost
[2026-05-20 20:42:15] RUNNING | log=InternationalDeclarations
[2026-05-20 20:42:15] RUNNING | log=BPI_Challenge_2012_A
[2026-05-20 20:42:15] RUNNING | log=BPI_Challenge_2012_O
[2026-05-20 20:42:15] RUNNING | log=BPI_Challenge_2012_W
[2026-05-20 20:42:15] RUNNING | log=BPIC15_1
[2026-05-20 20:42:15] RUNNING | log=BPIC15_2
[2026-05-20 20:42:15] RUNNING | log=BPIC15_3
[2026-05-20 20:42:15] RUNNING | log=BPIC15_4
[2026-05-20 20:42:15] RUNNING | log=BPIC15_5
[2026-05-20 20:42:15] RUNNING | log=Road_Traffic_Fine_Management_Process
[2026-05-20 21:26:19] DONE | log=BPI_Challenge_2012_O
[2026-05-20 21:57:13] DONE | log=Sepsis
[2026-05-20 22:01:54] DONE | log=PrepaidTravelCost
[2026-05-20 22:12:27] DONE | log=BPI_Challenge_2012_A
[2026-05-20 22:19:21] DONE | log=BPIC15_2
[2026-05-20 22:54:59] DONE | log=RequestForPayment
[2026-05-20 23:09:39] DONE | log=BPIC15_1
[2026-05-20 23:24:28] DONE | log=BPIC15_3
[2026-05-20 23:34:59] DONE | log=BPIC15_4
[2026-05-20 23:47:29] DONE | log=DomesticDeclarations
[2026-05-21 02:06:45] DONE | log=InternationalDeclarations
[2026-05-21 02:46:08] DONE | log=BPI_Challenge_2012_W
[2026-05-21 03:18:15] DONE | log=BPIC15_5
[2026-05-21 04:06:48] DONE | log=Hospital_Billing
[2026-05-21 05:54:58] DONE | log=Road_Traffic_Fine_Management_Process
