[2026-05-17 20:16:52] RUNNING | log=RequestForPayment
[2026-05-17 20:16:52] RUNNING | log=Sepsis
[2026-05-17 20:16:52] RUNNING | log=Hospital_Billing
[2026-05-17 20:16:52] RUNNING | log=DomesticDeclarations
[2026-05-17 20:16:52] RUNNING | log=PrepaidTravelCost
[2026-05-17 20:16:52] RUNNING | log=InternationalDeclarations
[2026-05-17 20:16:52] RUNNING | log=BPI_Challenge_2012_A
[2026-05-17 20:16:52] RUNNING | log=BPI_Challenge_2012_O
[2026-05-17 20:16:52] RUNNING | log=BPI_Challenge_2012_W
[2026-05-17 20:16:52] RUNNING | log=BPIC15_1
[2026-05-17 20:16:52] RUNNING | log=BPIC15_2
[2026-05-17 20:16:52] RUNNING | log=BPIC15_3
[2026-05-17 20:16:52] RUNNING | log=BPIC15_4
[2026-05-17 20:16:52] RUNNING | log=BPIC15_5
[2026-05-17 20:16:52] RUNNING | log=Road_Traffic_Fine_Management_Process
[2026-05-17 21:00:13] DONE | log=Sepsis
[2026-05-17 21:52:51] DONE | log=BPI_Challenge_2012_A
[2026-05-17 22:09:21] DONE | log=BPI_Challenge_2012_O
[2026-05-17 22:13:26] DONE | log=PrepaidTravelCost
[2026-05-17 23:56:36] DONE | log=BPI_Challenge_2012_W
[2026-05-18 00:42:17] DONE | log=RequestForPayment
[2026-05-18 01:44:55] DONE | log=BPIC15_5
[2026-05-18 02:03:31] DONE | log=InternationalDeclarations
[2026-05-18 02:08:25] DONE | log=DomesticDeclarations
[2026-05-18 02:22:56] DONE | log=BPIC15_2
[2026-05-18 02:25:06] DONE | log=BPIC15_4
[2026-05-18 02:38:31] DONE | log=BPIC15_3
[2026-05-18 02:41:37] DONE | log=BPIC15_1
[2026-05-18 02:57:21] DONE | log=Road_Traffic_Fine_Management_Process
[2026-05-18 02:58:39] DONE | log=Hospital_Billing
