[2026-05-17 09:29:48] RUNNING | log=RequestForPayment
[2026-05-17 09:29:48] RUNNING | log=Sepsis
[2026-05-17 09:29:48] RUNNING | log=Hospital_Billing
[2026-05-17 09:29:48] RUNNING | log=DomesticDeclarations
[2026-05-17 09:29:48] RUNNING | log=PrepaidTravelCost
[2026-05-17 09:29:48] RUNNING | log=InternationalDeclarations
[2026-05-17 09:29:48] RUNNING | log=BPI_Challenge_2012_A
[2026-05-17 09:29:48] RUNNING | log=BPI_Challenge_2012_O
[2026-05-17 09:29:48] RUNNING | log=BPI_Challenge_2012_W
[2026-05-17 09:29:48] RUNNING | log=BPIC15_1
[2026-05-17 09:29:48] RUNNING | log=BPIC15_2
[2026-05-17 09:29:48] RUNNING | log=BPIC15_3
[2026-05-17 09:29:48] RUNNING | log=BPIC15_4
[2026-05-17 09:29:48] RUNNING | log=BPIC15_5
[2026-05-17 09:29:48] RUNNING | log=Road_Traffic_Fine_Management_Process
[2026-05-17 09:37:19] DONE | log=Sepsis
[2026-05-17 09:42:24] DONE | log=PrepaidTravelCost
[2026-05-17 09:52:34] DONE | log=BPI_Challenge_2012_O
[2026-05-17 09:57:08] DONE | log=BPIC15_1
[2026-05-17 10:07:16] DONE | log=BPI_Challenge_2012_A
[2026-05-17 10:07:26] DONE | log=InternationalDeclarations
[2026-05-17 10:22:00] DONE | log=RequestForPayment
[2026-05-17 10:23:03] DONE | log=BPIC15_5
[2026-05-17 10:26:08] DONE | log=BPI_Challenge_2012_W
[2026-05-17 10:28:52] DONE | log=BPIC15_4
[2026-05-17 10:37:19] DONE | log=DomesticDeclarations
[2026-05-17 11:33:23] DONE | log=BPIC15_2
[2026-05-17 11:45:06] DONE | log=BPIC15_3
[2026-05-17 12:06:13] DONE | log=Road_Traffic_Fine_Management_Process
[2026-05-17 12:21:52] DONE | log=Hospital_Billing
