[2026-05-17 15:15:52] RUNNING | log=RequestForPayment
[2026-05-17 15:15:52] RUNNING | log=Sepsis
[2026-05-17 15:15:52] RUNNING | log=Hospital_Billing
[2026-05-17 15:15:52] RUNNING | log=DomesticDeclarations
[2026-05-17 15:15:52] RUNNING | log=PrepaidTravelCost
[2026-05-17 15:15:52] RUNNING | log=InternationalDeclarations
[2026-05-17 15:15:52] RUNNING | log=BPI_Challenge_2012_A
[2026-05-17 15:15:52] RUNNING | log=BPI_Challenge_2012_O
[2026-05-17 15:15:52] RUNNING | log=BPI_Challenge_2012_W
[2026-05-17 15:15:52] RUNNING | log=BPIC15_1
[2026-05-17 15:15:52] RUNNING | log=BPIC15_2
[2026-05-17 15:15:52] RUNNING | log=BPIC15_3
[2026-05-17 15:15:52] RUNNING | log=BPIC15_4
[2026-05-17 15:15:52] RUNNING | log=BPIC15_5
[2026-05-17 15:15:52] RUNNING | log=Road_Traffic_Fine_Management_Process
[2026-05-17 15:50:28] DONE | log=Sepsis
[2026-05-17 15:55:34] DONE | log=PrepaidTravelCost
[2026-05-17 15:58:45] DONE | log=BPI_Challenge_2012_O
[2026-05-17 16:11:41] DONE | log=BPIC15_1
[2026-05-17 16:44:19] DONE | log=BPI_Challenge_2012_A
[2026-05-17 17:05:32] DONE | log=RequestForPayment
[2026-05-17 17:15:35] DONE | log=BPIC15_2
[2026-05-17 17:45:39] DONE | log=DomesticDeclarations
[2026-05-17 18:05:59] DONE | log=BPI_Challenge_2012_W
[2026-05-17 18:24:11] DONE | log=BPIC15_4
[2026-05-17 19:41:38] DONE | log=BPIC15_5
[2026-05-17 19:45:50] DONE | log=InternationalDeclarations
[2026-05-17 19:55:09] DONE | log=BPIC15_3
[2026-05-18 01:37:43] DONE | log=Road_Traffic_Fine_Management_Process
[2026-05-18 03:19:46] DONE | log=Hospital_Billing
