[2026-05-24 11:44:39] RUNNING | log=RequestForPayment
[2026-05-24 11:44:39] RUNNING | log=Sepsis
[2026-05-24 11:44:39] RUNNING | log=Hospital_Billing
[2026-05-24 11:44:39] RUNNING | log=DomesticDeclarations
[2026-05-24 11:44:39] RUNNING | log=PrepaidTravelCost
[2026-05-24 11:44:39] RUNNING | log=InternationalDeclarations
[2026-05-24 11:44:39] RUNNING | log=BPI_Challenge_2012_A
[2026-05-24 11:44:39] RUNNING | log=BPI_Challenge_2012_O
[2026-05-24 11:44:39] RUNNING | log=BPI_Challenge_2012_W
[2026-05-24 11:44:39] RUNNING | log=BPIC15_1
[2026-05-24 11:44:39] RUNNING | log=BPIC15_2
[2026-05-24 11:44:39] RUNNING | log=BPIC15_3
[2026-05-24 11:44:39] RUNNING | log=BPIC15_4
[2026-05-24 11:44:39] RUNNING | log=BPIC15_5
[2026-05-24 11:44:39] RUNNING | log=Road_Traffic_Fine_Management_Process
[2026-05-24 11:44:39] RUNNING | log=BPI Challenge 2017
[2026-05-24 11:48:58] DONE | log=BPIC15_2
[2026-05-24 11:49:16] DONE | log=Sepsis
[2026-05-24 11:50:17] DONE | log=BPIC15_1
[2026-05-24 11:50:54] DONE | log=BPIC15_5
[2026-05-24 11:51:13] DONE | log=BPIC15_4
[2026-05-24 11:52:23] DONE | log=BPIC15_3
[2026-05-24 11:52:48] DONE | log=PrepaidTravelCost
[2026-05-24 11:55:08] DONE | log=BPI_Challenge_2012_O
[2026-05-24 11:57:16] DONE | log=InternationalDeclarations
[2026-05-24 12:08:06] DONE | log=RequestForPayment
[2026-05-24 12:13:33] DONE | log=DomesticDeclarations
[2026-05-24 12:23:10] DONE | log=BPI_Challenge_2012_A
[2026-05-24 12:31:57] DONE | log=BPI_Challenge_2012_W
[2026-05-24 14:21:15] DONE | log=BPI Challenge 2017
[2026-05-24 14:32:29] DONE | log=Hospital_Billing
[2026-05-24 15:23:42] DONE | log=Road_Traffic_Fine_Management_Process
