[2026-05-09 16:03:44] RUNNING | log=RequestForPayment
[2026-05-09 16:11:43] DONE | log=RequestForPayment
[2026-05-09 16:11:43] RUNNING | log=Sepsis
[2026-05-09 16:27:48] DONE | log=Sepsis
[2026-05-09 16:27:48] RUNNING | log=Hospital_Billing
[2026-05-09 18:25:43] RUNNING | log=Hospital_Billing
[2026-05-09 19:00:42] DONE | log=Hospital_Billing
[2026-05-09 19:00:42] RUNNING | log=DomesticDeclarations
[2026-05-09 19:04:31] DONE | log=DomesticDeclarations
[2026-05-09 19:04:31] RUNNING | log=PrepaidTravelCost
[2026-05-09 19:06:22] DONE | log=PrepaidTravelCost
[2026-05-09 19:06:22] RUNNING | log=InternationalDeclarations
[2026-05-09 19:10:50] DONE | log=InternationalDeclarations
[2026-05-09 19:10:50] RUNNING | log=BPI_Challenge_2012_A
[2026-05-09 19:13:07] DONE | log=BPI_Challenge_2012_A
[2026-05-09 19:13:07] RUNNING | log=BPI_Challenge_2012_O
[2026-05-09 19:15:04] DONE | log=BPI_Challenge_2012_O
[2026-05-09 19:15:04] RUNNING | log=BPI_Challenge_2012_W
[2026-05-09 19:31:59] DONE | log=BPI_Challenge_2012_W
[2026-05-09 19:31:59] RUNNING | log=BPIC15_1
[2026-05-09 19:38:38] DONE | log=BPIC15_1
[2026-05-09 19:38:38] RUNNING | log=BPIC15_2
[2026-05-09 19:42:25] DONE | log=BPIC15_2
[2026-05-09 19:42:25] RUNNING | log=BPIC15_3
[2026-05-09 19:48:52] DONE | log=BPIC15_3
[2026-05-09 19:48:52] RUNNING | log=BPIC15_4
[2026-05-09 19:52:52] DONE | log=BPIC15_4
[2026-05-09 19:52:52] RUNNING | log=BPIC15_5
[2026-05-09 20:05:10] DONE | log=BPIC15_5
[2026-05-09 20:05:10] RUNNING | log=Road_Traffic_Fine_Management_Process
[2026-05-09 20:24:36] DONE | log=Road_Traffic_Fine_Management_Process
