[2026-05-15 17:59:49] RUNNING | log=RequestForPayment
[2026-05-15 18:04:36] RUNNING | log=RequestForPayment
[2026-05-15 18:04:36] RUNNING | log=Sepsis
[2026-05-15 18:04:36] RUNNING | log=Hospital_Billing
[2026-05-15 18:04:36] RUNNING | log=DomesticDeclarations
[2026-05-15 18:04:36] RUNNING | log=PrepaidTravelCost
[2026-05-15 18:04:36] RUNNING | log=InternationalDeclarations
[2026-05-15 18:04:36] RUNNING | log=BPI_Challenge_2012_A
[2026-05-15 18:04:36] RUNNING | log=BPI_Challenge_2012_O
[2026-05-15 18:04:36] RUNNING | log=BPI_Challenge_2012_W
[2026-05-15 18:04:36] RUNNING | log=BPIC15_1
[2026-05-15 18:04:36] RUNNING | log=BPIC15_2
[2026-05-15 18:04:36] RUNNING | log=BPIC15_3
[2026-05-15 18:04:36] RUNNING | log=BPIC15_4
[2026-05-15 18:04:36] RUNNING | log=BPIC15_5
[2026-05-15 18:04:36] RUNNING | log=Road_Traffic_Fine_Management_Process
[2026-05-15 18:04:36] RUNNING | log=BPI Challenge 2017
[2026-05-15 18:19:49] DONE | log=Sepsis
[2026-05-15 18:28:24] DONE | log=BPI_Challenge_2012_O
[2026-05-15 18:38:01] DONE | log=RequestForPayment
[2026-05-15 18:46:49] DONE | log=PrepaidTravelCost
[2026-05-15 18:51:27] DONE | log=BPI_Challenge_2012_A
[2026-05-15 19:08:09] DONE | log=DomesticDeclarations
[2026-05-15 19:44:31] DONE | log=InternationalDeclarations
[2026-05-15 19:57:34] DONE | log=BPIC15_2
[2026-05-15 20:29:55] DONE | log=BPIC15_5
[2026-05-15 20:54:05] DONE | log=BPIC15_1
[2026-05-15 20:54:44] DONE | log=BPIC15_3
[2026-05-15 20:55:24] DONE | log=BPIC15_4
[2026-05-15 21:25:52] DONE | log=Hospital_Billing
[2026-05-15 21:26:48] DONE | log=BPI_Challenge_2012_W
[2026-05-16 00:36:34] DONE | log=Road_Traffic_Fine_Management_Process
[2026-05-16 02:04:30] DONE | log=BPI Challenge 2017
