[2026-05-09 12:30:57] RUNNING | log=BPIC15_1
[2026-05-09 12:34:17] DONE | log=BPIC15_1
[2026-05-09 12:34:17] RUNNING | log=BPIC15_2
[2026-05-09 15:10:08] RUNNING | log=RequestForPayment
[2026-05-09 15:12:55] DONE | log=RequestForPayment
[2026-05-09 15:12:55] RUNNING | log=Sepsis
[2026-05-09 15:14:34] DONE | log=Sepsis
[2026-05-09 15:14:34] RUNNING | log=Hospital_Billing
[2026-05-09 15:19:44] RUNNING | log=RequestForPayment
[2026-05-09 15:21:37] DONE | log=RequestForPayment
[2026-05-09 15:21:37] RUNNING | log=Sepsis
[2026-05-09 15:23:22] DONE | log=Sepsis
[2026-05-09 15:23:22] RUNNING | log=Hospital_Billing
[2026-05-09 15:43:11] DONE | log=Hospital_Billing
[2026-05-09 15:43:11] RUNNING | log=DomesticDeclarations
[2026-05-09 15:48:33] DONE | log=DomesticDeclarations
[2026-05-09 15:48:33] RUNNING | log=PrepaidTravelCost
[2026-05-09 15:49:40] DONE | log=PrepaidTravelCost
[2026-05-09 15:49:40] RUNNING | log=InternationalDeclarations
[2026-05-09 15:52:53] DONE | log=InternationalDeclarations
[2026-05-09 15:52:53] RUNNING | log=BPI_Challenge_2012_A
[2026-05-09 15:55:33] DONE | log=BPI_Challenge_2012_A
[2026-05-09 15:55:33] RUNNING | log=BPI_Challenge_2012_O
[2026-05-09 15:58:21] DONE | log=BPI_Challenge_2012_O
[2026-05-09 15:58:21] RUNNING | log=BPI_Challenge_2012_W
[2026-05-09 17:41:55] RUNNING | log=BPI_Challenge_2012_W
[2026-05-09 17:50:53] DONE | log=BPI_Challenge_2012_W
[2026-05-09 17:50:53] RUNNING | log=BPIC15_1
[2026-05-09 17:54:14] DONE | log=BPIC15_1
[2026-05-09 17:54:14] RUNNING | log=BPIC15_2
[2026-05-09 17:56:02] DONE | log=BPIC15_2
[2026-05-09 17:56:02] RUNNING | log=BPIC15_3
[2026-05-09 18:00:07] DONE | log=BPIC15_3
[2026-05-09 18:00:07] RUNNING | log=BPIC15_4
[2026-05-09 18:01:39] DONE | log=BPIC15_4
[2026-05-09 18:01:39] RUNNING | log=BPIC15_5
[2026-05-09 18:02:47] DONE | log=BPIC15_5
[2026-05-09 18:02:47] RUNNING | log=Road_Traffic_Fine_Management_Process
[2026-05-09 18:23:40] DONE | log=Road_Traffic_Fine_Management_Process
