[2026-10-07 03:18:22] RUNNING | model=SuTraN_NDA | log=BPIC15_1
[2026-10-07 03:19:34] RUNNING | model=CRTP_LSTM_NDA | log=BPIC15_1
[2026-10-07 03:37:12] DONE | model=CRTP_LSTM_NDA | log=BPIC15_1
[2026-10-07 03:37:12] RUNNING | model=ED_LSTM | log=BPIC15_1
[2026-10-07 03:50:41] DONE | model=ED_LSTM | log=BPIC15_1
[2026-10-07 03:50:41] RUNNING | model=SEP_LSTM | log=BPIC15_1
[2026-10-07 03:59:26] DONE | model=SEP_LSTM | log=BPIC15_1
[2026-10-07 03:59:26] RUNNING | model=BEST | log=BPIC15_1
[2026-10-07 04:00:18] DONE | model=BEST | log=BPIC15_1
[2026-10-07 04:00:18] RUNNING | model=SuTraN_NDA | log=BPIC15_2
[2026-10-07 06:52:19] DONE | model=SuTraN_NDA | log=BPIC15_1
[2026-10-07 06:52:19] RUNNING | model=CRTP_LSTM_NDA | log=BPIC15_2
[2026-10-07 07:04:30] DONE | model=CRTP_LSTM_NDA | log=BPIC15_2
[2026-10-07 07:04:30] RUNNING | model=ED_LSTM | log=BPIC15_2
[2026-10-07 07:27:18] DONE | model=ED_LSTM | log=BPIC15_2
[2026-10-07 07:27:18] RUNNING | model=SEP_LSTM | log=BPIC15_2
[2026-10-07 07:34:18] DONE | model=SuTraN_NDA | log=BPIC15_2
[2026-10-07 07:34:18] RUNNING | model=BEST | log=BPIC15_2
[2026-10-07 07:35:13] DONE | model=BEST | log=BPIC15_2
[2026-10-07 07:35:13] RUNNING | model=SuTraN_NDA | log=BPIC15_3
[2026-10-07 07:35:24] DONE | model=SEP_LSTM | log=BPIC15_2
[2026-10-07 07:35:24] RUNNING | model=CRTP_LSTM_NDA | log=BPIC15_3
[2026-10-07 07:51:15] DONE | model=CRTP_LSTM_NDA | log=BPIC15_3
[2026-10-07 07:51:15] RUNNING | model=ED_LSTM | log=BPIC15_3
[2026-10-07 08:16:06] DONE | model=ED_LSTM | log=BPIC15_3
[2026-10-07 08:16:06] RUNNING | model=SEP_LSTM | log=BPIC15_3
[2026-10-07 08:30:54] DONE | model=SEP_LSTM | log=BPIC15_3
[2026-10-07 08:30:54] RUNNING | model=BEST | log=BPIC15_3
[2026-10-07 08:32:31] DONE | model=BEST | log=BPIC15_3
[2026-10-07 08:32:31] RUNNING | model=SuTraN_NDA | log=BPIC15_4
[2026-10-07 08:35:33] OOM→CPU | model=SuTraN_NDA | log=BPIC15_3
